DURATION=3
FINGERPRINT=2052301411,2052248147,2048017987,2048067122,2046834466,2067801378,1505763362,1505828914
