DURATION=296
FINGERPRINT=AQADtNQYhYkYnGhw7XiQnkeOsr9wMrjgRT0uFqeQ_kgeEd-GJzku5fjRtwma-_hx5EqFU5mOX0bzQ5uzLYg__GhIHteGd4L7I4_QI1aPc0edHA1jnA_C79BypYiuB3c-PMol7MeVw88cPD9yHY9wZ8cZ_NDyEOF6nNGHdse1BT9eFccjG5UvPHNxBV504ELCJ9kRXROD_fiObzvOpEdzJuhJHU-QR8fxhDmeEWIe4pfw_Mh1tBzx2bhwHg_uoHePazh52MXRC8nSJTmiqxae8BNGRcKLP_BjvDyOHJcavGGgLVKCJj7O9MgXodkVnMen4xzyDFo-6Ece9oiZoCnaE-fhJ3qQ5Ap2ajiPSzg3vEng5zp-5FHwBOfxHz4JNb0QXZLRH96kD8-x88iLC2KuZNCOS_txBe7xYEpF9MmD5B_xUC6-48N-9FkTND_OGLmD8_hzdDeaMdDxYjp87CT8ET9y_Bem48qIEo2DL0KYS0ayx8IxKscTpcGVq2heoWeKPId-PCOuFX9UOA6er9jxpijSHyd87D-O6Ts-CZeO5uiToY-HMD-SZryEH89xPDS2x_hVHMdlHWeEl2isD8k-xNyOovnxDY179LiO0B_Eo89x9GvRMCKuhcF3aPmK_lCz41TQMKfQB9-Rq2geIXwu9FLQnA1UMceTHxd8_LigZTJ--MeJnmhvNC2u9MZDFc6N5zvyRniEp0IfpM-h_chx_EfNOXjRaxQuHUmF3PiDLxKeBqWU7HhO4vBIEeGj42vR59BS4dM61C-0HL-EJ8U3bUETFyWj4FlxZRWap-htPFEJ58Gj6BKuxDia-Ki34Ao-oYmOPjROG-_QcDkuo2myjNCJ5iaq_MTVrXgk6Ar6BD6PPj_-46h-uBVxJmh-qB9xND164jkaH9XxisNzND966GiPpkmNXBt-FE2k4xF35B_6GI2TCD90ymgetONxJYPzlbiSyDidCkfzoOLwCbqI6mie48cbNB-Jo2ES4rqIF84R5x1yiRuuoza8h8JLaMePPnAOax96nEDzo0ebaHDFB7Wm4zpqmE_RD9_RHBqliriQozmJSsejHNfRww6PPkduNHyIXoJGRunQRFbw7EXOGhdfNEf4BrioQ8vRF9_QK2iOHmGYhMM1GnDO49-OU8h3aH1wSYWfByd6lHKKJm-gB6l6XAp2RcG7g6F0Bc-LfIeEfHii4j6e4zjy4yr0RBRyFOOyxfgi_ISfBXl0Qd-LU8FT4fnRvEEknfhxKX7AJpKOHseXIH2M5JouNAfN4zpgHxejFE-2F4-G5icmKTl-fHATV8i1Qc-RH3c53PiS41ng42oiB0keCnmOa8dxHrWSDWGoLNCRp2iHZseHnEfyJUePSR-ubDnO6OgfNB_yxSl05Th1PBWeC82P6kP-YGSOMrkUnELRC2kzIbmTo_mPY8-Dw01tXFKkI9_UIw919MeVo5mMR-jtonkt3JLxo1aJS_gupHuRrFGOD7XCofnxHVXlBc2H5CXyxCironlwpgKa8UEdET_yQ8yHJ9eKnMePhtHwZLiO9Dt6ioL2rAjzWPjxNXHw5CiRZjzhsYUuHp_hZ8IPPeiFUlrQ-MTRHFVexCKnBQ8vvLiDZvRQMjpwJEeY0McjD_7RTRl-VA78IVcDNzr0B0XYdDrcNOgvHBdSnrgUCi--GE5-XBfOPYVeVWiqBdeM-kNzEX0nPDwS5hXu489xJU9Qwkce-Lhy-Azx4sWD33DToz6qf2iSHN9xH1-HmiN8omSKD8efoj6sHs1xnGiP5tB9NFM09EMpPDApGb3wo0fzCY-gK0ePMMmL6ziPh0dTo1fxow_C3LgMMd_x7ThTC0d_NB2HZ8KPnkTz4Z3woTnxw5MK7SdqNImPWJfxHY9m9D1yOTjTwT8K9SHRQ19QH8fRH00WXNDSD_3xHHW8IT36TDiPhkd5PCly9IeWHM_xcR7OB2F6XMNl4vApCY_QnMPVIL8H_ehzNNCzENWCBk9zaEfzHC9uNIyhPRUuH058xA8uZTNxoaaInNmCMx3cH8VREc2LB1PQKzk-5fiOKzf644kMPksgVgm8E22UB__RgtpCvIG-5EJ64Zik_Hgk5NHgGKdj6M5UnDpuCo_wwzmRH9eFPdSHL3VQD64D7shpNH-hJ-vw8PhBhe7xKJGO3MIPBw_mqMSbDq4yTcLx5MiP03jM4MSbC76ETzneHdehMbGNkjzy9aioJRO2HC_OHNtxHMmcKUWeJC9-4Ep8NEnIoM9x6QifHeIv2EMtfKicFVM-xJkzKQS7PWhzeIerFl-M9ILoZof24yHOg2h-lFFC_Ej6oNFfFOMONM8k9EG-x3jDHJdk4qgrCulpFD-aZ0ff4kcfcUKy_Mh74t7RHv6OkkdzhLegSxFypaiPH048436CIld2PAz0Lyj9ZNCeVNhX9Ghy8D_OgzP6Pdj8Ihr64wRDDBIIDGCQQI4Q5gAADEGBgANwIAAAAogxQABAzFGjEAEEAEMAAYAwRAADREmJCGAEKAIUUQpZJwnSSChjDACCAKAEYFAhpJhxQABjFJHIUSAAIUoLIQBgCCEH4ANKMGCcQcQAKRgRyhAEgEEACkABAI46hCAAQAhBECBQEAaBAQYYQohgAgDhhBKKOQGAMgBIAjRQyDKAkENIEDIBIkgoAB1CTggigAKGCIAcM45IC4ghAFijqEKOmBiEFcASAxBgCigllFUKGUQUAkAQYowAAigBAFLAMCMAcoIQwBgAQBikABRInGCUAEZKR4gBSiACDFIECISAUQgJZgQAYhEjBGGAKGIEMEABIIQggJgjBBJAAWKcQsAIYRQCggoAiCKKCaKEAwIwqwgCgCEmGAHSGmGYcJoIioAAxjAAFBDEKKSMkIAwxIQwRggDAEACEKWIJUATAAQBQCDAgDDbIMEEMIYQQ5wighlGJEDKCeAAA4ggxABBQEAAhBQJGQMNcwwIowRwRCDFgCQACcEoAIgRRAliCnpFCDFOAKAEEgwZJBADUgBAmCGEGAGMMQYCQQQABAGBBACSKKEMIUggggDBDCFEJABACQIVUYoIgQAQTAACHCLGC4EINUAhQcZiChkABQGCEMKgIAoRAogBQBkkGDBCAcKQEIIiAwh2BAAiADUKAQK8CQQoSIJQBDCkHBLIACUVUEYxABBTyAkgFGDEIIcEcA4YCAQiThgABAHKKAQFIkoZBowDggkFkSHECgIYAIpYwBQABClCkBECGIoBAcgQo4gCFDkhhCIMAIGYMIYRoogAJghhHCAGIUYAIMABQkQQBgglhiFAMCUAfMAZgJgABAmAkAKIGEgIKUgJZgAQghoiDLCCKOGQIYgQggChgggHFANAEAqEA0IAAIBBBCEhiLGKIGQ4IIYpIghCFgCABAGGEcgA
